Archive member included to satisfy reference by file (symbol)

d:/ides/microchip studio/7.0/toolchain/avr8/avr8-gnu-toolchain/bin/../lib/gcc/avr/5.4.0/avr5\libgcc.a(_exit.o)
                              D:/IDEs/Microchip studio/7.0/Packs/atmel/ATmega_DFP/1.7.374/gcc/dev/atmega32/avr5/crtatmega32.o (exit)
d:/ides/microchip studio/7.0/toolchain/avr8/avr8-gnu-toolchain/bin/../lib/gcc/avr/5.4.0/avr5\libgcc.a(_clear_bss.o)
                              APPLICATION/application.o (__do_clear_bss)

Discarded input sections

 .data          0x00000000        0x0 D:/IDEs/Microchip studio/7.0/Packs/atmel/ATmega_DFP/1.7.374/gcc/dev/atmega32/avr5/crtatmega32.o
 .bss           0x00000000        0x0 D:/IDEs/Microchip studio/7.0/Packs/atmel/ATmega_DFP/1.7.374/gcc/dev/atmega32/avr5/crtatmega32.o
 .text          0x00000000        0x0 APPLICATION/application.o
 .data          0x00000000        0x0 APPLICATION/application.o
 .bss           0x00000000        0x0 APPLICATION/application.o
 .text          0x00000000        0x0 ECUAL/BUTTON Driver/button.o
 .data          0x00000000        0x0 ECUAL/BUTTON Driver/button.o
 .bss           0x00000000        0x0 ECUAL/BUTTON Driver/button.o
 .text.BUTTON_read
                0x00000000        0x6 ECUAL/BUTTON Driver/button.o
 .text          0x00000000        0x0 ECUAL/LED Driver/led.o
 .data          0x00000000        0x0 ECUAL/LED Driver/led.o
 .bss           0x00000000        0x0 ECUAL/LED Driver/led.o
 .text          0x00000000        0x0 main.o
 .data          0x00000000        0x0 main.o
 .bss           0x00000000        0x0 main.o
 .text          0x00000000        0x0 MCAL/DIO Driver/dio.o
 .data          0x00000000        0x0 MCAL/DIO Driver/dio.o
 .bss           0x00000000        0x0 MCAL/DIO Driver/dio.o
 .text.DIO_read
                0x00000000       0xc8 MCAL/DIO Driver/dio.o
 .text          0x00000000        0x0 MCAL/INTURREPTS Driver/interrupts.o
 .data          0x00000000        0x0 MCAL/INTURREPTS Driver/interrupts.o
 .bss           0x00000000        0x0 MCAL/INTURREPTS Driver/interrupts.o
 .text          0x00000000        0x0 MCAL/TIMER Driver/timer.o
 .data          0x00000000        0x0 MCAL/TIMER Driver/timer.o
 .bss           0x00000000        0x0 MCAL/TIMER Driver/timer.o
 .text.timer2_timer_reset
                0x00000000        0xc MCAL/TIMER Driver/timer.o
 .text          0x00000000        0x0 d:/ides/microchip studio/7.0/toolchain/avr8/avr8-gnu-toolchain/bin/../lib/gcc/avr/5.4.0/avr5\libgcc.a(_exit.o)
 .data          0x00000000        0x0 d:/ides/microchip studio/7.0/toolchain/avr8/avr8-gnu-toolchain/bin/../lib/gcc/avr/5.4.0/avr5\libgcc.a(_exit.o)
 .bss           0x00000000        0x0 d:/ides/microchip studio/7.0/toolchain/avr8/avr8-gnu-toolchain/bin/../lib/gcc/avr/5.4.0/avr5\libgcc.a(_exit.o)
 .text.libgcc.mul
                0x00000000        0x0 d:/ides/microchip studio/7.0/toolchain/avr8/avr8-gnu-toolchain/bin/../lib/gcc/avr/5.4.0/avr5\libgcc.a(_exit.o)
 .text.libgcc.div
                0x00000000        0x0 d:/ides/microchip studio/7.0/toolchain/avr8/avr8-gnu-toolchain/bin/../lib/gcc/avr/5.4.0/avr5\libgcc.a(_exit.o)
 .text.libgcc   0x00000000        0x0 d:/ides/microchip studio/7.0/toolchain/avr8/avr8-gnu-toolchain/bin/../lib/gcc/avr/5.4.0/avr5\libgcc.a(_exit.o)
 .text.libgcc.prologue
                0x00000000        0x0 d:/ides/microchip studio/7.0/toolchain/avr8/avr8-gnu-toolchain/bin/../lib/gcc/avr/5.4.0/avr5\libgcc.a(_exit.o)
 .text.libgcc.builtins
                0x00000000        0x0 d:/ides/microchip studio/7.0/toolchain/avr8/avr8-gnu-toolchain/bin/../lib/gcc/avr/5.4.0/avr5\libgcc.a(_exit.o)
 .text.libgcc.fmul
                0x00000000        0x0 d:/ides/microchip studio/7.0/toolchain/avr8/avr8-gnu-toolchain/bin/../lib/gcc/avr/5.4.0/avr5\libgcc.a(_exit.o)
 .text.libgcc.fixed
                0x00000000        0x0 d:/ides/microchip studio/7.0/toolchain/avr8/avr8-gnu-toolchain/bin/../lib/gcc/avr/5.4.0/avr5\libgcc.a(_exit.o)
 .text          0x00000000        0x0 d:/ides/microchip studio/7.0/toolchain/avr8/avr8-gnu-toolchain/bin/../lib/gcc/avr/5.4.0/avr5\libgcc.a(_clear_bss.o)
 .data          0x00000000        0x0 d:/ides/microchip studio/7.0/toolchain/avr8/avr8-gnu-toolchain/bin/../lib/gcc/avr/5.4.0/avr5\libgcc.a(_clear_bss.o)
 .bss           0x00000000        0x0 d:/ides/microchip studio/7.0/toolchain/avr8/avr8-gnu-toolchain/bin/../lib/gcc/avr/5.4.0/avr5\libgcc.a(_clear_bss.o)
 .text.libgcc.mul
                0x00000000        0x0 d:/ides/microchip studio/7.0/toolchain/avr8/avr8-gnu-toolchain/bin/../lib/gcc/avr/5.4.0/avr5\libgcc.a(_clear_bss.o)
 .text.libgcc.div
                0x00000000        0x0 d:/ides/microchip studio/7.0/toolchain/avr8/avr8-gnu-toolchain/bin/../lib/gcc/avr/5.4.0/avr5\libgcc.a(_clear_bss.o)
 .text.libgcc   0x00000000        0x0 d:/ides/microchip studio/7.0/toolchain/avr8/avr8-gnu-toolchain/bin/../lib/gcc/avr/5.4.0/avr5\libgcc.a(_clear_bss.o)
 .text.libgcc.prologue
                0x00000000        0x0 d:/ides/microchip studio/7.0/toolchain/avr8/avr8-gnu-toolchain/bin/../lib/gcc/avr/5.4.0/avr5\libgcc.a(_clear_bss.o)
 .text.libgcc.builtins
                0x00000000        0x0 d:/ides/microchip studio/7.0/toolchain/avr8/avr8-gnu-toolchain/bin/../lib/gcc/avr/5.4.0/avr5\libgcc.a(_clear_bss.o)
 .text.libgcc.fmul
                0x00000000        0x0 d:/ides/microchip studio/7.0/toolchain/avr8/avr8-gnu-toolchain/bin/../lib/gcc/avr/5.4.0/avr5\libgcc.a(_clear_bss.o)
 .text.libgcc.fixed
                0x00000000        0x0 d:/ides/microchip studio/7.0/toolchain/avr8/avr8-gnu-toolchain/bin/../lib/gcc/avr/5.4.0/avr5\libgcc.a(_clear_bss.o)

Memory Configuration

Name             Origin             Length             Attributes
text             0x00000000         0x00008000         xr
data             0x00800060         0x00000800         rw !x
eeprom           0x00810000         0x00000400         rw !x
fuse             0x00820000         0x00000002         rw !x
lock             0x00830000         0x00000400         rw !x
signature        0x00840000         0x00000400         rw !x
user_signatures  0x00850000         0x00000400         rw !x
*default*        0x00000000         0xffffffff

Linker script and memory map

LOAD D:/IDEs/Microchip studio/7.0/Packs/atmel/ATmega_DFP/1.7.374/gcc/dev/atmega32/avr5/crtatmega32.o
LOAD APPLICATION/application.o
LOAD ECUAL/BUTTON Driver/button.o
LOAD ECUAL/LED Driver/led.o
LOAD main.o
LOAD MCAL/DIO Driver/dio.o
LOAD MCAL/INTURREPTS Driver/interrupts.o
LOAD MCAL/TIMER Driver/timer.o
START GROUP
END GROUP
START GROUP
LOAD d:/ides/microchip studio/7.0/toolchain/avr8/avr8-gnu-toolchain/bin/../lib/gcc/avr/5.4.0/avr5\libgcc.a
LOAD d:/ides/microchip studio/7.0/toolchain/avr8/avr8-gnu-toolchain/bin/../lib/gcc/avr/5.4.0/../../../../avr/lib/avr5\libm.a
LOAD d:/ides/microchip studio/7.0/toolchain/avr8/avr8-gnu-toolchain/bin/../lib/gcc/avr/5.4.0/../../../../avr/lib/avr5\libc.a
LOAD D:/IDEs/Microchip studio/7.0/Packs/atmel/ATmega_DFP/1.7.374/gcc/dev/atmega32/avr5\libatmega32.a
END GROUP
                0x00000000                __TEXT_REGION_ORIGIN__ = DEFINED (__TEXT_REGION_ORIGIN__)?__TEXT_REGION_ORIGIN__:0x0
                [0x00800060]                __DATA_REGION_ORIGIN__ = DEFINED (__DATA_REGION_ORIGIN__)?__DATA_REGION_ORIGIN__:0x800060
                [0x00008000]                __TEXT_REGION_LENGTH__ = DEFINED (__TEXT_REGION_LENGTH__)?__TEXT_REGION_LENGTH__:0x20000
                [0x00000800]                __DATA_REGION_LENGTH__ = DEFINED (__DATA_REGION_LENGTH__)?__DATA_REGION_LENGTH__:0xffa0
                [0x00000400]                __EEPROM_REGION_LENGTH__ = DEFINED (__EEPROM_REGION_LENGTH__)?__EEPROM_REGION_LENGTH__:0x10000
                [0x00000002]                __FUSE_REGION_LENGTH__ = DEFINED (__FUSE_REGION_LENGTH__)?__FUSE_REGION_LENGTH__:0x400
                0x00000400                __LOCK_REGION_LENGTH__ = DEFINED (__LOCK_REGION_LENGTH__)?__LOCK_REGION_LENGTH__:0x400
                0x00000400                __SIGNATURE_REGION_LENGTH__ = DEFINED (__SIGNATURE_REGION_LENGTH__)?__SIGNATURE_REGION_LENGTH__:0x400
                0x00000400                __USER_SIGNATURE_REGION_LENGTH__ = DEFINED (__USER_SIGNATURE_REGION_LENGTH__)?__USER_SIGNATURE_REGION_LENGTH__:0x400

.hash
 *(.hash)

.dynsym
 *(.dynsym)

.dynstr
 *(.dynstr)

.gnu.version
 *(.gnu.version)

.gnu.version_d
 *(.gnu.version_d)

.gnu.version_r
 *(.gnu.version_r)

.rel.init
 *(.rel.init)

.rela.init
 *(.rela.init)

.rel.text
 *(.rel.text)
 *(.rel.text.*)
 *(.rel.gnu.linkonce.t*)

.rela.text
 *(.rela.text)
 *(.rela.text.*)
 *(.rela.gnu.linkonce.t*)

.rel.fini
 *(.rel.fini)

.rela.fini
 *(.rela.fini)

.rel.rodata
 *(.rel.rodata)
 *(.rel.rodata.*)
 *(.rel.gnu.linkonce.r*)

.rela.rodata
 *(.rela.rodata)
 *(.rela.rodata.*)
 *(.rela.gnu.linkonce.r*)

.rel.data
 *(.rel.data)
 *(.rel.data.*)
 *(.rel.gnu.linkonce.d*)

.rela.data
 *(.rela.data)
 *(.rela.data.*)
 *(.rela.gnu.linkonce.d*)

.rel.ctors
 *(.rel.ctors)

.rela.ctors
 *(.rela.ctors)

.rel.dtors
 *(.rel.dtors)

.rela.dtors
 *(.rela.dtors)

.rel.got
 *(.rel.got)

.rela.got
 *(.rela.got)

.rel.bss
 *(.rel.bss)

.rela.bss
 *(.rela.bss)

.rel.plt
 *(.rel.plt)

.rela.plt
 *(.rela.plt)

.text           0x00000000      0x7fa
 *(.vectors)
 .vectors       0x00000000       0x54 D:/IDEs/Microchip studio/7.0/Packs/atmel/ATmega_DFP/1.7.374/gcc/dev/atmega32/avr5/crtatmega32.o
                0x00000000                __vector_default
                0x00000000                __vectors
 *(.vectors)
 *(.progmem.gcc*)
                0x00000054                . = ALIGN (0x2)
                0x00000054                __trampolines_start = .
 *(.trampolines)
 .trampolines   0x00000054        0x0 linker stubs
 *(.trampolines*)
                0x00000054                __trampolines_end = .
 *libprintf_flt.a:*(.progmem.data)
 *libc.a:*(.progmem.data)
 *(.progmem*)
                0x00000054                . = ALIGN (0x2)
 *(.jumptables)
 *(.jumptables*)
 *(.lowtext)
 *(.lowtext*)
                0x00000054                __ctors_start = .
 *(.ctors)
                0x00000054                __ctors_end = .
                0x00000054                __dtors_start = .
 *(.dtors)
                0x00000054                __dtors_end = .
 SORT(*)(.ctors)
 SORT(*)(.dtors)
 *(.init0)
 .init0         0x00000054        0x0 D:/IDEs/Microchip studio/7.0/Packs/atmel/ATmega_DFP/1.7.374/gcc/dev/atmega32/avr5/crtatmega32.o
                0x00000054                __init
 *(.init0)
 *(.init1)
 *(.init1)
 *(.init2)
 .init2         0x00000054        0xc D:/IDEs/Microchip studio/7.0/Packs/atmel/ATmega_DFP/1.7.374/gcc/dev/atmega32/avr5/crtatmega32.o
 *(.init2)
 *(.init3)
 *(.init3)
 *(.init4)
 .init4         0x00000060       0x10 d:/ides/microchip studio/7.0/toolchain/avr8/avr8-gnu-toolchain/bin/../lib/gcc/avr/5.4.0/avr5\libgcc.a(_clear_bss.o)
                0x00000060                __do_clear_bss
 *(.init4)
 *(.init5)
 *(.init5)
 *(.init6)
 *(.init6)
 *(.init7)
 *(.init7)
 *(.init8)
 *(.init8)
 *(.init9)
 .init9         0x00000070        0x8 D:/IDEs/Microchip studio/7.0/Packs/atmel/ATmega_DFP/1.7.374/gcc/dev/atmega32/avr5/crtatmega32.o
 *(.init9)
 *(.text)
 .text          0x00000078        0x4 D:/IDEs/Microchip studio/7.0/Packs/atmel/ATmega_DFP/1.7.374/gcc/dev/atmega32/avr5/crtatmega32.o
                0x00000078                __vector_12
                0x00000078                __bad_interrupt
                0x00000078                __vector_6
                0x00000078                __vector_3
                0x00000078                __vector_13
                0x00000078                __vector_17
                0x00000078                __vector_19
                0x00000078                __vector_7
                0x00000078                __vector_4
                0x00000078                __vector_9
                0x00000078                __vector_2
                0x00000078                __vector_15
                0x00000078                __vector_8
                0x00000078                __vector_14
                0x00000078                __vector_10
                0x00000078                __vector_16
                0x00000078                __vector_18
                0x00000078                __vector_20
                0x0000007c                . = ALIGN (0x2)
 *(.text.*)
 .text.app_init
                0x0000007c       0x6a APPLICATION/application.o
                0x0000007c                app_init
 .text.app_start
                0x000000e6      0x176 APPLICATION/application.o
                0x000000e6                app_start
 .text.BUTTON_init
                0x0000025c        0x8 ECUAL/BUTTON Driver/button.o
                0x0000025c                BUTTON_init
 .text.__vector_1
                0x00000264       0xbe ECUAL/BUTTON Driver/button.o
                0x00000264                __vector_1
 .text.LED_init
                0x00000322        0x8 ECUAL/LED Driver/led.o
                0x00000322                LED_init
 .text.LED_on   0x0000032a        0x8 ECUAL/LED Driver/led.o
                0x0000032a                LED_on
 .text.LED_off  0x00000332        0x8 ECUAL/LED Driver/led.o
                0x00000332                LED_off
 .text.LED_toggle
                0x0000033a        0x6 ECUAL/LED Driver/led.o
                0x0000033a                LED_toggle
 .text.main     0x00000340        0xe main.o
                0x00000340                main
 .text.DIO_init
                0x0000034e       0xf4 MCAL/DIO Driver/dio.o
                0x0000034e                DIO_init
 .text.DIO_write
                0x00000442       0xf4 MCAL/DIO Driver/dio.o
                0x00000442                DIO_write
 .text.DIO_toggle
                0x00000536       0x6e MCAL/DIO Driver/dio.o
                0x00000536                DIO_toggle
 .text.enable_global_interrupts
                0x000005a4        0x8 MCAL/INTURREPTS Driver/interrupts.o
                0x000005a4                enable_global_interrupts
 .text.enable_button_interrupt
                0x000005ac        0xe MCAL/INTURREPTS Driver/interrupts.o
                0x000005ac                enable_button_interrupt
 .text.timer0_enable_overflow_interrupt
                0x000005ba        0x8 MCAL/INTURREPTS Driver/interrupts.o
                0x000005ba                timer0_enable_overflow_interrupt
 .text.timer2_enable_overflow_interrupt
                0x000005c2        0x8 MCAL/INTURREPTS Driver/interrupts.o
                0x000005c2                timer2_enable_overflow_interrupt
 .text.setOvfCallback
                0x000005ca        0xa MCAL/TIMER Driver/timer.o
                0x000005ca                setOvfCallback
 .text.timer0_select_mode
                0x000005d4       0x32 MCAL/TIMER Driver/timer.o
                0x000005d4                timer0_select_mode
 .text.timer0_set_initial_value
                0x00000606        0x4 MCAL/TIMER Driver/timer.o
                0x00000606                timer0_set_initial_value
 .text.timer0_timer_reset
                0x0000060a        0xc MCAL/TIMER Driver/timer.o
                0x0000060a                timer0_timer_reset
 .text.timer0_timer_stop
                0x00000616        0x8 MCAL/TIMER Driver/timer.o
                0x00000616                timer0_timer_stop
 .text.timer0_timer_start
                0x0000061e       0x56 MCAL/TIMER Driver/timer.o
                0x0000061e                timer0_timer_start
 .text.timer2_select_mode
                0x00000674       0x32 MCAL/TIMER Driver/timer.o
                0x00000674                timer2_select_mode
 .text.timer2_set_initial_value
                0x000006a6        0x4 MCAL/TIMER Driver/timer.o
                0x000006a6                timer2_set_initial_value
 .text.timer2_timer_stop
                0x000006aa        0x8 MCAL/TIMER Driver/timer.o
                0x000006aa                timer2_timer_stop
 .text.timer2_timer_start
                0x000006b2       0x76 MCAL/TIMER Driver/timer.o
                0x000006b2                timer2_timer_start
 .text.__vector_11
                0x00000728       0xac MCAL/TIMER Driver/timer.o
                0x00000728                __vector_11
 .text.__vector_5
                0x000007d4       0x22 MCAL/TIMER Driver/timer.o
                0x000007d4                __vector_5
                0x000007f6                . = ALIGN (0x2)
 *(.fini9)
 .fini9         0x000007f6        0x0 d:/ides/microchip studio/7.0/toolchain/avr8/avr8-gnu-toolchain/bin/../lib/gcc/avr/5.4.0/avr5\libgcc.a(_exit.o)
                0x000007f6                _exit
                0x000007f6                exit
 *(.fini9)
 *(.fini8)
 *(.fini8)
 *(.fini7)
 *(.fini7)
 *(.fini6)
 *(.fini6)
 *(.fini5)
 *(.fini5)
 *(.fini4)
 *(.fini4)
 *(.fini3)
 *(.fini3)
 *(.fini2)
 *(.fini2)
 *(.fini1)
 *(.fini1)
 *(.fini0)
 .fini0         0x000007f6        0x4 d:/ides/microchip studio/7.0/toolchain/avr8/avr8-gnu-toolchain/bin/../lib/gcc/avr/5.4.0/avr5\libgcc.a(_exit.o)
 *(.fini0)
                0x000007fa                _etext = .

.data           0x00800060        0x0 load address 0x000007fa
                [!provide]                PROVIDE (__data_start, .)
 *(.data)
 *(.data*)
 *(.gnu.linkonce.d*)
 *(.rodata)
 *(.rodata*)
 *(.gnu.linkonce.r*)
                0x00800060                . = ALIGN (0x2)
                0x00800060                _edata = .
                [!provide]                PROVIDE (__data_end, .)

.bss            0x00800060        0x8
                0x00800060                PROVIDE (__bss_start, .)
 *(.bss)
 *(.bss*)
 .bss.back      0x00800060        0x1 APPLICATION/application.o
                0x00800060                back
 .bss.status    0x00800061        0x1 APPLICATION/application.o
                0x00800061                status
 .bss.pushed    0x00800062        0x1 ECUAL/BUTTON Driver/button.o
                0x00800062                pushed
 .bss.flag      0x00800063        0x1 ECUAL/BUTTON Driver/button.o
                0x00800063                flag
 .bss.ovfCallback
                0x00800064        0x2 MCAL/TIMER Driver/timer.o
 .bss.number_of_overflows_2
                0x00800066        0x1 MCAL/TIMER Driver/timer.o
                0x00800066                number_of_overflows_2
 .bss.number_of_overflows
                0x00800067        0x1 MCAL/TIMER Driver/timer.o
                0x00800067                number_of_overflows
 *(COMMON)
                0x00800068                PROVIDE (__bss_end, .)
                0x000007fa                __data_load_start = LOADADDR (.data)
                0x000007fa                __data_load_end = (__data_load_start + SIZEOF (.data))

.noinit         0x00800068        0x0
                [!provide]                PROVIDE (__noinit_start, .)
 *(.noinit*)
                [!provide]                PROVIDE (__noinit_end, .)
                0x00800068                _end = .
                [!provide]                PROVIDE (__heap_start, .)

.eeprom         0x00810000        0x0
 *(.eeprom*)
                0x00810000                __eeprom_end = .

.fuse
 *(.fuse)
 *(.lfuse)
 *(.hfuse)
 *(.efuse)

.lock
 *(.lock*)

.signature
 *(.signature*)

.user_signatures
 *(.user_signatures*)

.stab
 *(.stab)

.stabstr
 *(.stabstr)

.stab.excl
 *(.stab.excl)

.stab.exclstr
 *(.stab.exclstr)

.stab.index
 *(.stab.index)

.stab.indexstr
 *(.stab.indexstr)

.comment        0x00000000       0x30
 *(.comment)
 .comment       0x00000000       0x30 APPLICATION/application.o
                                 0x31 (size before relaxing)
 .comment       0x00000030       0x31 ECUAL/BUTTON Driver/button.o
 .comment       0x00000030       0x31 ECUAL/LED Driver/led.o
 .comment       0x00000030       0x31 main.o
 .comment       0x00000030       0x31 MCAL/DIO Driver/dio.o
 .comment       0x00000030       0x31 MCAL/INTURREPTS Driver/interrupts.o
 .comment       0x00000030       0x31 MCAL/TIMER Driver/timer.o

.note.gnu.avr.deviceinfo
                0x00000000       0x3c
 .note.gnu.avr.deviceinfo
                0x00000000       0x3c D:/IDEs/Microchip studio/7.0/Packs/atmel/ATmega_DFP/1.7.374/gcc/dev/atmega32/avr5/crtatmega32.o

.note.gnu.build-id
 *(.note.gnu.build-id)

.debug
 *(.debug)

.line
 *(.line)

.debug_srcinfo
 *(.debug_srcinfo)

.debug_sfnames
 *(.debug_sfnames)

.debug_aranges  0x00000000      0x1a0
 *(.debug_aranges)
 .debug_aranges
                0x00000000       0x28 APPLICATION/application.o
 .debug_aranges
                0x00000028       0x30 ECUAL/BUTTON Driver/button.o
 .debug_aranges
                0x00000058       0x38 ECUAL/LED Driver/led.o
 .debug_aranges
                0x00000090       0x20 main.o
 .debug_aranges
                0x000000b0       0x38 MCAL/DIO Driver/dio.o
 .debug_aranges
                0x000000e8       0x38 MCAL/INTURREPTS Driver/interrupts.o
 .debug_aranges
                0x00000120       0x80 MCAL/TIMER Driver/timer.o

.debug_pubnames
 *(.debug_pubnames)

.debug_info     0x00000000     0x137c
 *(.debug_info .gnu.linkonce.wi.*)
 .debug_info    0x00000000      0x4e6 D:/IDEs/Microchip studio/7.0/Packs/atmel/ATmega_DFP/1.7.374/gcc/dev/atmega32/avr5/crtatmega32.o
 .debug_info    0x000004e6      0x570 APPLICATION/application.o
 .debug_info    0x00000a56      0x20c ECUAL/BUTTON Driver/button.o
 .debug_info    0x00000c62      0x1b6 ECUAL/LED Driver/led.o
 .debug_info    0x00000e18       0x83 main.o
 .debug_info    0x00000e9b      0x14a MCAL/DIO Driver/dio.o
 .debug_info    0x00000fe5       0x90 MCAL/INTURREPTS Driver/interrupts.o
 .debug_info    0x00001075      0x307 MCAL/TIMER Driver/timer.o

.debug_abbrev   0x00000000      0x95d
 *(.debug_abbrev)
 .debug_abbrev  0x00000000      0x4a3 D:/IDEs/Microchip studio/7.0/Packs/atmel/ATmega_DFP/1.7.374/gcc/dev/atmega32/avr5/crtatmega32.o
 .debug_abbrev  0x000004a3       0xe7 APPLICATION/application.o
 .debug_abbrev  0x0000058a       0xdd ECUAL/BUTTON Driver/button.o
 .debug_abbrev  0x00000667       0x80 ECUAL/LED Driver/led.o
 .debug_abbrev  0x000006e7       0x65 main.o
 .debug_abbrev  0x0000074c       0x6f MCAL/DIO Driver/dio.o
 .debug_abbrev  0x000007bb       0x44 MCAL/INTURREPTS Driver/interrupts.o
 .debug_abbrev  0x000007ff      0x15e MCAL/TIMER Driver/timer.o

.debug_line     0x00000000      0xdaf
 *(.debug_line .debug_line.* .debug_line_end)
 .debug_line    0x00000000      0x116 D:/IDEs/Microchip studio/7.0/Packs/atmel/ATmega_DFP/1.7.374/gcc/dev/atmega32/avr5/crtatmega32.o
 .debug_line    0x00000116      0x341 APPLICATION/application.o
 .debug_line    0x00000457      0x212 ECUAL/BUTTON Driver/button.o
 .debug_line    0x00000669      0x10a ECUAL/LED Driver/led.o
 .debug_line    0x00000773       0x6d main.o
 .debug_line    0x000007e0      0x1d6 MCAL/DIO Driver/dio.o
 .debug_line    0x000009b6       0xda MCAL/INTURREPTS Driver/interrupts.o
 .debug_line    0x00000a90      0x31f MCAL/TIMER Driver/timer.o

.debug_frame    0x00000000      0x31c
 *(.debug_frame)
 .debug_frame   0x00000000       0x34 APPLICATION/application.o
 .debug_frame   0x00000034       0x8c ECUAL/BUTTON Driver/button.o
 .debug_frame   0x000000c0       0x54 ECUAL/LED Driver/led.o
 .debug_frame   0x00000114       0x24 main.o
 .debug_frame   0x00000138       0x54 MCAL/DIO Driver/dio.o
 .debug_frame   0x0000018c       0x54 MCAL/INTURREPTS Driver/interrupts.o
 .debug_frame   0x000001e0      0x13c MCAL/TIMER Driver/timer.o

.debug_str      0x00000000      0x60c
 *(.debug_str)
 .debug_str     0x00000000      0x196 D:/IDEs/Microchip studio/7.0/Packs/atmel/ATmega_DFP/1.7.374/gcc/dev/atmega32/avr5/crtatmega32.o
 .debug_str     0x00000196      0x29e APPLICATION/application.o
                                0x2a3 (size before relaxing)
 .debug_str     0x00000434       0x71 ECUAL/BUTTON Driver/button.o
                                0x1dc (size before relaxing)
 .debug_str     0x000004a5       0x49 ECUAL/LED Driver/led.o
                                0x1a1 (size before relaxing)
 .debug_str     0x000004ee       0x11 main.o
                                0x153 (size before relaxing)
 .debug_str     0x000004ff       0x32 MCAL/DIO Driver/dio.o
                                0x196 (size before relaxing)
 .debug_str     0x00000531       0x27 MCAL/INTURREPTS Driver/interrupts.o
                                0x1d1 (size before relaxing)
 .debug_str     0x00000558       0xb4 MCAL/TIMER Driver/timer.o
                                0x2b1 (size before relaxing)

.debug_loc      0x00000000      0x85c
 *(.debug_loc)
 .debug_loc     0x00000000      0x175 ECUAL/BUTTON Driver/button.o
 .debug_loc     0x00000175      0x108 ECUAL/LED Driver/led.o
 .debug_loc     0x0000027d      0x278 MCAL/DIO Driver/dio.o
 .debug_loc     0x000004f5      0x367 MCAL/TIMER Driver/timer.o

.debug_macinfo
 *(.debug_macinfo)

.debug_weaknames
 *(.debug_weaknames)

.debug_funcnames
 *(.debug_funcnames)

.debug_typenames
 *(.debug_typenames)

.debug_varnames
 *(.debug_varnames)

.debug_pubtypes
 *(.debug_pubtypes)

.debug_ranges   0x00000000      0x130
 *(.debug_ranges)
 .debug_ranges  0x00000000       0x18 APPLICATION/application.o
 .debug_ranges  0x00000018       0x20 ECUAL/BUTTON Driver/button.o
 .debug_ranges  0x00000038       0x28 ECUAL/LED Driver/led.o
 .debug_ranges  0x00000060       0x10 main.o
 .debug_ranges  0x00000070       0x28 MCAL/DIO Driver/dio.o
 .debug_ranges  0x00000098       0x28 MCAL/INTURREPTS Driver/interrupts.o
 .debug_ranges  0x000000c0       0x70 MCAL/TIMER Driver/timer.o

.debug_macro
 *(.debug_macro)
OUTPUT(On demand Traffic light control.elf elf32-avr)
LOAD linker stubs
